// Jest Snapshot v1, https://goo.gl/fbAQLP

exports[`Comments Reducer should return initial state 1`] = `
Object {
  "collection": Array [],
  "error": false,
  "fetched": false,
  "fetching": false,
  "next": null,
  "previous": null,
  "remaining": 0,
  "toggle": false,
}
`;
